// Jest Snapshot v1, https://goo.gl/fbAQLP

exports[` 1`] = `
<div>
  <button
    className="button uppercase primary primary_hover"
    href={undefined}
    id={undefined}
    name={undefined}
    onClick={[Function]}
    style={undefined}
    tabIndex={0}
    type="button"
  >
    Open Info Dialog
  </button>
</div>
`;
