// Jest Snapshot v1, https://goo.gl/fbAQLP

exports[`Test Text component renders correctly 1`] = `
<div
  className="textareaWrapper"
>
  <textarea
    className="textarea textareaWidth"
    disabled={undefined}
    id={undefined}
    onBlur={[Function]}
    onChange={[Function]}
    onFocus={[Function]}
    required={undefined}
    style={undefined}
    type="text"
    value={undefined}
  />
</div>
`;

exports[`Testing TextArea component TextArea component - Basic test 1`] = `
ReactWrapper {
  "length": 1,
  Symbol(enzyme.__unrendered__): <TextArea
    tooltipPosition="right"
    type="text"
  />,
  Symbol(enzyme.__renderer__): Object {
    "batchedUpdates": [Function],
    "getNode": [Function],
    "render": [Function],
    "simulateEvent": [Function],
    "unmount": [Function],
  },
  Symbol(enzyme.__root__): [Circular],
  Symbol(enzyme.__node__): Object {
    "instance": WrappedComponent {
      "_eventHandlers": [Function],
      "_handleBlur": [Function],
      "_handleChange": [Function],
      "_handleFocus": [Function],
      "_reactInternalFiber": FiberNode {
        "_debugID": 5,
        "_debugIsCurrentlyTiming": false,
        "_debugOwner": FiberNode {
          "_debugID": 4,
          "_debugIsCurrentlyTiming": false,
          "_debugOwner": null,
          "_debugSource": null,
          "alternate": null,
          "child": [Circular],
          "effectTag": 1,
          "expirationTime": 0,
          "firstEffect": null,
          "index": 0,
          "key": null,
          "lastEffect": null,
          "memoizedProps": Object {
            "Component": [Function],
            "context": null,
            "props": Object {
              "tooltipPosition": "right",
              "type": "text",
            },
          },
          "memoizedState": Object {
            "context": null,
            "mount": true,
            "props": Object {
              "tooltipPosition": "right",
              "type": "text",
            },
          },
          "mode": 0,
          "nextEffect": null,
          "pendingProps": Object {
            "Component": [Function],
            "context": null,
            "props": Object {
              "tooltipPosition": "right",
              "type": "text",
            },
          },
          "ref": null,
          "return": FiberNode {
            "_debugID": 1,
            "_debugIsCurrentlyTiming": false,
            "_debugOwner": null,
            "_debugSource": null,
            "alternate": FiberNode {
              "_debugID": 1,
              "_debugIsCurrentlyTiming": false,
              "_debugOwner": null,
              "_debugSource": null,
              "alternate": [Circular],
              "child": null,
              "effectTag": 0,
              "expirationTime": 1,
              "firstEffect": null,
              "index": 0,
              "key": null,
              "lastEffect": null,
              "memoizedProps": null,
              "memoizedState": null,
              "mode": 0,
              "nextEffect": null,
              "pendingProps": null,
              "ref": null,
              "return": null,
              "sibling": null,
              "stateNode": Object {
                "containerInfo": <div>
                  <div
                    class="textareaWrapper"
                  >
                    <textarea
                      class="textarea textareaWidth"
                      type="text"
                    />
                  </div>
                </div>,
                "context": Object {},
                "current": [Circular],
                "finishedWork": null,
                "firstBatch": null,
                "hydrate": false,
                "nextScheduledRoot": null,
                "pendingChildren": null,
                "pendingCommitExpirationTime": 0,
                "pendingContext": null,
                "remainingExpirationTime": 0,
              },
              "tag": 3,
              "type": null,
              "updateQueue": Object {
                "baseState": null,
                "callbackList": null,
                "capturedValues": null,
                "expirationTime": 1,
                "first": Object {
                  "callback": null,
                  "capturedValue": null,
                  "expirationTime": 1,
                  "isForced": false,
                  "isReplace": false,
                  "next": null,
                  "partialState": Object {
                    "element": <WrapperComponent
                      Component={[Function]}
                      context={null}
                      props={
                        Object {
                          "tooltipPosition": "right",
                          "type": "text",
                        }
                      }
                    />,
                  },
                },
                "hasForceUpdate": false,
                "isInitialized": false,
                "isProcessing": false,
                "last": Object {
                  "callback": null,
                  "capturedValue": null,
                  "expirationTime": 1,
                  "isForced": false,
                  "isReplace": false,
                  "next": null,
                  "partialState": Object {
                    "element": <WrapperComponent
                      Component={[Function]}
                      context={null}
                      props={
                        Object {
                          "tooltipPosition": "right",
                          "type": "text",
                        }
                      }
                    />,
                  },
                },
              },
            },
            "child": [Circular],
            "effectTag": 32,
            "expirationTime": 0,
            "firstEffect": [Circular],
            "index": 0,
            "key": null,
            "lastEffect": [Circular],
            "memoizedProps": null,
            "memoizedState": Object {
              "element": <WrapperComponent
                Component={[Function]}
                context={null}
                props={
                  Object {
                    "tooltipPosition": "right",
                    "type": "text",
                  }
                }
              />,
            },
            "mode": 0,
            "nextEffect": null,
            "pendingProps": null,
            "ref": null,
            "return": null,
            "sibling": null,
            "stateNode": Object {
              "containerInfo": <div>
                <div
                  class="textareaWrapper"
                >
                  <textarea
                    class="textarea textareaWidth"
                    type="text"
                  />
                </div>
              </div>,
              "context": Object {},
              "current": [Circular],
              "finishedWork": null,
              "firstBatch": null,
              "hydrate": false,
              "nextScheduledRoot": null,
              "pendingChildren": null,
              "pendingCommitExpirationTime": 0,
              "pendingContext": null,
              "remainingExpirationTime": 0,
            },
            "tag": 3,
            "type": null,
            "updateQueue": Object {
              "baseState": Object {
                "element": <WrapperComponent
                  Component={[Function]}
                  context={null}
                  props={
                    Object {
                      "tooltipPosition": "right",
                      "type": "text",
                    }
                  }
                />,
              },
              "callbackList": null,
              "capturedValues": null,
              "expirationTime": 0,
              "first": null,
              "hasForceUpdate": false,
              "isInitialized": true,
              "isProcessing": false,
              "last": null,
            },
          },
          "sibling": null,
          "stateNode": WrapperComponent {
            "_reactInternalFiber": [Circular],
            "_reactInternalInstance": Object {},
            "context": Object {},
            "props": Object {
              "Component": [Function],
              "context": null,
              "props": Object {
                "tooltipPosition": "right",
                "type": "text",
              },
            },
            "refs": Object {},
            "state": Object {
              "context": null,
              "mount": true,
              "props": Object {
                "tooltipPosition": "right",
                "type": "text",
              },
            },
            "updater": Object {
              "enqueueForceUpdate": [Function],
              "enqueueReplaceState": [Function],
              "enqueueSetState": [Function],
              "isMounted": [Function],
            },
          },
          "tag": 2,
          "type": [Function],
          "updateQueue": null,
        },
        "_debugSource": null,
        "alternate": null,
        "child": FiberNode {
          "_debugID": 6,
          "_debugIsCurrentlyTiming": false,
          "_debugOwner": [Circular],
          "_debugSource": undefined,
          "alternate": null,
          "child": FiberNode {
            "_debugID": 7,
            "_debugIsCurrentlyTiming": false,
            "_debugOwner": [Circular],
            "_debugSource": undefined,
            "alternate": null,
            "child": null,
            "effectTag": 0,
            "expirationTime": 0,
            "firstEffect": null,
            "index": 0,
            "key": ".1",
            "lastEffect": null,
            "memoizedProps": Object {
              "className": "textarea textareaWidth",
              "disabled": undefined,
              "id": undefined,
              "onBlur": [Function],
              "onChange": [Function],
              "onFocus": [Function],
              "required": undefined,
              "style": undefined,
              "type": "text",
              "value": undefined,
            },
            "memoizedState": null,
            "mode": 0,
            "nextEffect": null,
            "pendingProps": Object {
              "className": "textarea textareaWidth",
              "disabled": undefined,
              "id": undefined,
              "onBlur": [Function],
              "onChange": [Function],
              "onFocus": [Function],
              "required": undefined,
              "style": undefined,
              "type": "text",
              "value": undefined,
            },
            "ref": null,
            "return": [Circular],
            "sibling": null,
            "stateNode": <textarea
              class="textarea textareaWidth"
              type="text"
            />,
            "tag": 5,
            "type": "textarea",
            "updateQueue": null,
          },
          "effectTag": 0,
          "expirationTime": 0,
          "firstEffect": null,
          "index": 0,
          "key": null,
          "lastEffect": null,
          "memoizedProps": Object {
            "children": Array [
              <textarea
                className="textarea textareaWidth"
                disabled={undefined}
                id={undefined}
                onBlur={[Function]}
                onChange={[Function]}
                onFocus={[Function]}
                required={undefined}
                style={undefined}
                type="text"
                value={undefined}
              />,
            ],
            "className": "textareaWrapper",
          },
          "memoizedState": null,
          "mode": 0,
          "nextEffect": null,
          "pendingProps": Object {
            "children": Array [
              <textarea
                className="textarea textareaWidth"
                disabled={undefined}
                id={undefined}
                onBlur={[Function]}
                onChange={[Function]}
                onFocus={[Function]}
                required={undefined}
                style={undefined}
                type="text"
                value={undefined}
              />,
            ],
            "className": "textareaWrapper",
          },
          "ref": null,
          "return": [Circular],
          "sibling": null,
          "stateNode": <div
            class="textareaWrapper"
          >
            <textarea
              class="textarea textareaWidth"
              type="text"
            />
          </div>,
          "tag": 5,
          "type": "div",
          "updateQueue": null,
        },
        "effectTag": 1,
        "expirationTime": 0,
        "firstEffect": null,
        "index": 0,
        "key": null,
        "lastEffect": null,
        "memoizedProps": Object {
          "tooltipPosition": "right",
          "type": "text",
        },
        "memoizedState": Object {
          "active": false,
          "message": null,
          "status": null,
          "value": undefined,
        },
        "mode": 0,
        "nextEffect": null,
        "pendingProps": Object {
          "tooltipPosition": "right",
          "type": "text",
        },
        "ref": null,
        "return": FiberNode {
          "_debugID": 4,
          "_debugIsCurrentlyTiming": false,
          "_debugOwner": null,
          "_debugSource": null,
          "alternate": null,
          "child": [Circular],
          "effectTag": 1,
          "expirationTime": 0,
          "firstEffect": null,
          "index": 0,
          "key": null,
          "lastEffect": null,
          "memoizedProps": Object {
            "Component": [Function],
            "context": null,
            "props": Object {
              "tooltipPosition": "right",
              "type": "text",
            },
          },
          "memoizedState": Object {
            "context": null,
            "mount": true,
            "props": Object {
              "tooltipPosition": "right",
              "type": "text",
            },
          },
          "mode": 0,
          "nextEffect": null,
          "pendingProps": Object {
            "Component": [Function],
            "context": null,
            "props": Object {
              "tooltipPosition": "right",
              "type": "text",
            },
          },
          "ref": null,
          "return": FiberNode {
            "_debugID": 1,
            "_debugIsCurrentlyTiming": false,
            "_debugOwner": null,
            "_debugSource": null,
            "alternate": FiberNode {
              "_debugID": 1,
              "_debugIsCurrentlyTiming": false,
              "_debugOwner": null,
              "_debugSource": null,
              "alternate": [Circular],
              "child": null,
              "effectTag": 0,
              "expirationTime": 1,
              "firstEffect": null,
              "index": 0,
              "key": null,
              "lastEffect": null,
              "memoizedProps": null,
              "memoizedState": null,
              "mode": 0,
              "nextEffect": null,
              "pendingProps": null,
              "ref": null,
              "return": null,
              "sibling": null,
              "stateNode": Object {
                "containerInfo": <div>
                  <div
                    class="textareaWrapper"
                  >
                    <textarea
                      class="textarea textareaWidth"
                      type="text"
                    />
                  </div>
                </div>,
                "context": Object {},
                "current": [Circular],
                "finishedWork": null,
                "firstBatch": null,
                "hydrate": false,
                "nextScheduledRoot": null,
                "pendingChildren": null,
                "pendingCommitExpirationTime": 0,
                "pendingContext": null,
                "remainingExpirationTime": 0,
              },
              "tag": 3,
              "type": null,
              "updateQueue": Object {
                "baseState": null,
                "callbackList": null,
                "capturedValues": null,
                "expirationTime": 1,
                "first": Object {
                  "callback": null,
                  "capturedValue": null,
                  "expirationTime": 1,
                  "isForced": false,
                  "isReplace": false,
                  "next": null,
                  "partialState": Object {
                    "element": <WrapperComponent
                      Component={[Function]}
                      context={null}
                      props={
                        Object {
                          "tooltipPosition": "right",
                          "type": "text",
                        }
                      }
                    />,
                  },
                },
                "hasForceUpdate": false,
                "isInitialized": false,
                "isProcessing": false,
                "last": Object {
                  "callback": null,
                  "capturedValue": null,
                  "expirationTime": 1,
                  "isForced": false,
                  "isReplace": false,
                  "next": null,
                  "partialState": Object {
                    "element": <WrapperComponent
                      Component={[Function]}
                      context={null}
                      props={
                        Object {
                          "tooltipPosition": "right",
                          "type": "text",
                        }
                      }
                    />,
                  },
                },
              },
            },
            "child": [Circular],
            "effectTag": 32,
            "expirationTime": 0,
            "firstEffect": [Circular],
            "index": 0,
            "key": null,
            "lastEffect": [Circular],
            "memoizedProps": null,
            "memoizedState": Object {
              "element": <WrapperComponent
                Component={[Function]}
                context={null}
                props={
                  Object {
                    "tooltipPosition": "right",
                    "type": "text",
                  }
                }
              />,
            },
            "mode": 0,
            "nextEffect": null,
            "pendingProps": null,
            "ref": null,
            "return": null,
            "sibling": null,
            "stateNode": Object {
              "containerInfo": <div>
                <div
                  class="textareaWrapper"
                >
                  <textarea
                    class="textarea textareaWidth"
                    type="text"
                  />
                </div>
              </div>,
              "context": Object {},
              "current": [Circular],
              "finishedWork": null,
              "firstBatch": null,
              "hydrate": false,
              "nextScheduledRoot": null,
              "pendingChildren": null,
              "pendingCommitExpirationTime": 0,
              "pendingContext": null,
              "remainingExpirationTime": 0,
            },
            "tag": 3,
            "type": null,
            "updateQueue": Object {
              "baseState": Object {
                "element": <WrapperComponent
                  Component={[Function]}
                  context={null}
                  props={
                    Object {
                      "tooltipPosition": "right",
                      "type": "text",
                    }
                  }
                />,
              },
              "callbackList": null,
              "capturedValues": null,
              "expirationTime": 0,
              "first": null,
              "hasForceUpdate": false,
              "isInitialized": true,
              "isProcessing": false,
              "last": null,
            },
          },
          "sibling": null,
          "stateNode": WrapperComponent {
            "_reactInternalFiber": [Circular],
            "_reactInternalInstance": Object {},
            "context": Object {},
            "props": Object {
              "Component": [Function],
              "context": null,
              "props": Object {
                "tooltipPosition": "right",
                "type": "text",
              },
            },
            "refs": Object {},
            "state": Object {
              "context": null,
              "mount": true,
              "props": Object {
                "tooltipPosition": "right",
                "type": "text",
              },
            },
            "updater": Object {
              "enqueueForceUpdate": [Function],
              "enqueueReplaceState": [Function],
              "enqueueSetState": [Function],
              "isMounted": [Function],
            },
          },
          "tag": 2,
          "type": [Function],
          "updateQueue": null,
        },
        "sibling": null,
        "stateNode": [Circular],
        "tag": 2,
        "type": [Function],
        "updateQueue": null,
      },
      "_reactInternalInstance": Object {},
      "_validate": [Function],
      "context": Object {},
      "props": Object {
        "tooltipPosition": "right",
        "type": "text",
      },
      "refs": Object {},
      "state": Object {
        "active": false,
        "message": null,
        "status": null,
        "value": undefined,
      },
      "updater": Object {
        "enqueueForceUpdate": [Function],
        "enqueueReplaceState": [Function],
        "enqueueSetState": [Function],
        "isMounted": [Function],
      },
    },
    "key": undefined,
    "nodeType": "class",
    "props": Object {
      "tooltipPosition": "right",
      "type": "text",
    },
    "ref": null,
    "rendered": Object {
      "instance": <div
        class="textareaWrapper"
      >
        <textarea
          class="textarea textareaWidth"
          type="text"
        />
      </div>,
      "key": undefined,
      "nodeType": "host",
      "props": Object {
        "children": Array [
          <textarea
            className="textarea textareaWidth"
            disabled={undefined}
            id={undefined}
            onBlur={[Function]}
            onChange={[Function]}
            onFocus={[Function]}
            required={undefined}
            style={undefined}
            type="text"
            value={undefined}
          />,
        ],
        "className": "textareaWrapper",
      },
      "ref": null,
      "rendered": Array [
        Object {
          "instance": <textarea
            class="textarea textareaWidth"
            type="text"
          />,
          "key": ".1",
          "nodeType": "host",
          "props": Object {
            "className": "textarea textareaWidth",
            "disabled": undefined,
            "id": undefined,
            "onBlur": [Function],
            "onChange": [Function],
            "onFocus": [Function],
            "required": undefined,
            "style": undefined,
            "type": "text",
            "value": undefined,
          },
          "ref": null,
          "rendered": Array [
            undefined,
          ],
          "type": "textarea",
        },
      ],
      "type": "div",
    },
    "type": [Function],
  },
  Symbol(enzyme.__nodes__): Array [
    Object {
      "instance": WrappedComponent {
        "_eventHandlers": [Function],
        "_handleBlur": [Function],
        "_handleChange": [Function],
        "_handleFocus": [Function],
        "_reactInternalFiber": FiberNode {
          "_debugID": 5,
          "_debugIsCurrentlyTiming": false,
          "_debugOwner": FiberNode {
            "_debugID": 4,
            "_debugIsCurrentlyTiming": false,
            "_debugOwner": null,
            "_debugSource": null,
            "alternate": null,
            "child": [Circular],
            "effectTag": 1,
            "expirationTime": 0,
            "firstEffect": null,
            "index": 0,
            "key": null,
            "lastEffect": null,
            "memoizedProps": Object {
              "Component": [Function],
              "context": null,
              "props": Object {
                "tooltipPosition": "right",
                "type": "text",
              },
            },
            "memoizedState": Object {
              "context": null,
              "mount": true,
              "props": Object {
                "tooltipPosition": "right",
                "type": "text",
              },
            },
            "mode": 0,
            "nextEffect": null,
            "pendingProps": Object {
              "Component": [Function],
              "context": null,
              "props": Object {
                "tooltipPosition": "right",
                "type": "text",
              },
            },
            "ref": null,
            "return": FiberNode {
              "_debugID": 1,
              "_debugIsCurrentlyTiming": false,
              "_debugOwner": null,
              "_debugSource": null,
              "alternate": FiberNode {
                "_debugID": 1,
                "_debugIsCurrentlyTiming": false,
                "_debugOwner": null,
                "_debugSource": null,
                "alternate": [Circular],
                "child": null,
                "effectTag": 0,
                "expirationTime": 1,
                "firstEffect": null,
                "index": 0,
                "key": null,
                "lastEffect": null,
                "memoizedProps": null,
                "memoizedState": null,
                "mode": 0,
                "nextEffect": null,
                "pendingProps": null,
                "ref": null,
                "return": null,
                "sibling": null,
                "stateNode": Object {
                  "containerInfo": <div>
                    <div
                      class="textareaWrapper"
                    >
                      <textarea
                        class="textarea textareaWidth"
                        type="text"
                      />
                    </div>
                  </div>,
                  "context": Object {},
                  "current": [Circular],
                  "finishedWork": null,
                  "firstBatch": null,
                  "hydrate": false,
                  "nextScheduledRoot": null,
                  "pendingChildren": null,
                  "pendingCommitExpirationTime": 0,
                  "pendingContext": null,
                  "remainingExpirationTime": 0,
                },
                "tag": 3,
                "type": null,
                "updateQueue": Object {
                  "baseState": null,
                  "callbackList": null,
                  "capturedValues": null,
                  "expirationTime": 1,
                  "first": Object {
                    "callback": null,
                    "capturedValue": null,
                    "expirationTime": 1,
                    "isForced": false,
                    "isReplace": false,
                    "next": null,
                    "partialState": Object {
                      "element": <WrapperComponent
                        Component={[Function]}
                        context={null}
                        props={
                          Object {
                            "tooltipPosition": "right",
                            "type": "text",
                          }
                        }
                      />,
                    },
                  },
                  "hasForceUpdate": false,
                  "isInitialized": false,
                  "isProcessing": false,
                  "last": Object {
                    "callback": null,
                    "capturedValue": null,
                    "expirationTime": 1,
                    "isForced": false,
                    "isReplace": false,
                    "next": null,
                    "partialState": Object {
                      "element": <WrapperComponent
                        Component={[Function]}
                        context={null}
                        props={
                          Object {
                            "tooltipPosition": "right",
                            "type": "text",
                          }
                        }
                      />,
                    },
                  },
                },
              },
              "child": [Circular],
              "effectTag": 32,
              "expirationTime": 0,
              "firstEffect": [Circular],
              "index": 0,
              "key": null,
              "lastEffect": [Circular],
              "memoizedProps": null,
              "memoizedState": Object {
                "element": <WrapperComponent
                  Component={[Function]}
                  context={null}
                  props={
                    Object {
                      "tooltipPosition": "right",
                      "type": "text",
                    }
                  }
                />,
              },
              "mode": 0,
              "nextEffect": null,
              "pendingProps": null,
              "ref": null,
              "return": null,
              "sibling": null,
              "stateNode": Object {
                "containerInfo": <div>
                  <div
                    class="textareaWrapper"
                  >
                    <textarea
                      class="textarea textareaWidth"
                      type="text"
                    />
                  </div>
                </div>,
                "context": Object {},
                "current": [Circular],
                "finishedWork": null,
                "firstBatch": null,
                "hydrate": false,
                "nextScheduledRoot": null,
                "pendingChildren": null,
                "pendingCommitExpirationTime": 0,
                "pendingContext": null,
                "remainingExpirationTime": 0,
              },
              "tag": 3,
              "type": null,
              "updateQueue": Object {
                "baseState": Object {
                  "element": <WrapperComponent
                    Component={[Function]}
                    context={null}
                    props={
                      Object {
                        "tooltipPosition": "right",
                        "type": "text",
                      }
                    }
                  />,
                },
                "callbackList": null,
                "capturedValues": null,
                "expirationTime": 0,
                "first": null,
                "hasForceUpdate": false,
                "isInitialized": true,
                "isProcessing": false,
                "last": null,
              },
            },
            "sibling": null,
            "stateNode": WrapperComponent {
              "_reactInternalFiber": [Circular],
              "_reactInternalInstance": Object {},
              "context": Object {},
              "props": Object {
                "Component": [Function],
                "context": null,
                "props": Object {
                  "tooltipPosition": "right",
                  "type": "text",
                },
              },
              "refs": Object {},
              "state": Object {
                "context": null,
                "mount": true,
                "props": Object {
                  "tooltipPosition": "right",
                  "type": "text",
                },
              },
              "updater": Object {
                "enqueueForceUpdate": [Function],
                "enqueueReplaceState": [Function],
                "enqueueSetState": [Function],
                "isMounted": [Function],
              },
            },
            "tag": 2,
            "type": [Function],
            "updateQueue": null,
          },
          "_debugSource": null,
          "alternate": null,
          "child": FiberNode {
            "_debugID": 6,
            "_debugIsCurrentlyTiming": false,
            "_debugOwner": [Circular],
            "_debugSource": undefined,
            "alternate": null,
            "child": FiberNode {
              "_debugID": 7,
              "_debugIsCurrentlyTiming": false,
              "_debugOwner": [Circular],
              "_debugSource": undefined,
              "alternate": null,
              "child": null,
              "effectTag": 0,
              "expirationTime": 0,
              "firstEffect": null,
              "index": 0,
              "key": ".1",
              "lastEffect": null,
              "memoizedProps": Object {
                "className": "textarea textareaWidth",
                "disabled": undefined,
                "id": undefined,
                "onBlur": [Function],
                "onChange": [Function],
                "onFocus": [Function],
                "required": undefined,
                "style": undefined,
                "type": "text",
                "value": undefined,
              },
              "memoizedState": null,
              "mode": 0,
              "nextEffect": null,
              "pendingProps": Object {
                "className": "textarea textareaWidth",
                "disabled": undefined,
                "id": undefined,
                "onBlur": [Function],
                "onChange": [Function],
                "onFocus": [Function],
                "required": undefined,
                "style": undefined,
                "type": "text",
                "value": undefined,
              },
              "ref": null,
              "return": [Circular],
              "sibling": null,
              "stateNode": <textarea
                class="textarea textareaWidth"
                type="text"
              />,
              "tag": 5,
              "type": "textarea",
              "updateQueue": null,
            },
            "effectTag": 0,
            "expirationTime": 0,
            "firstEffect": null,
            "index": 0,
            "key": null,
            "lastEffect": null,
            "memoizedProps": Object {
              "children": Array [
                <textarea
                  className="textarea textareaWidth"
                  disabled={undefined}
                  id={undefined}
                  onBlur={[Function]}
                  onChange={[Function]}
                  onFocus={[Function]}
                  required={undefined}
                  style={undefined}
                  type="text"
                  value={undefined}
                />,
              ],
              "className": "textareaWrapper",
            },
            "memoizedState": null,
            "mode": 0,
            "nextEffect": null,
            "pendingProps": Object {
              "children": Array [
                <textarea
                  className="textarea textareaWidth"
                  disabled={undefined}
                  id={undefined}
                  onBlur={[Function]}
                  onChange={[Function]}
                  onFocus={[Function]}
                  required={undefined}
                  style={undefined}
                  type="text"
                  value={undefined}
                />,
              ],
              "className": "textareaWrapper",
            },
            "ref": null,
            "return": [Circular],
            "sibling": null,
            "stateNode": <div
              class="textareaWrapper"
            >
              <textarea
                class="textarea textareaWidth"
                type="text"
              />
            </div>,
            "tag": 5,
            "type": "div",
            "updateQueue": null,
          },
          "effectTag": 1,
          "expirationTime": 0,
          "firstEffect": null,
          "index": 0,
          "key": null,
          "lastEffect": null,
          "memoizedProps": Object {
            "tooltipPosition": "right",
            "type": "text",
          },
          "memoizedState": Object {
            "active": false,
            "message": null,
            "status": null,
            "value": undefined,
          },
          "mode": 0,
          "nextEffect": null,
          "pendingProps": Object {
            "tooltipPosition": "right",
            "type": "text",
          },
          "ref": null,
          "return": FiberNode {
            "_debugID": 4,
            "_debugIsCurrentlyTiming": false,
            "_debugOwner": null,
            "_debugSource": null,
            "alternate": null,
            "child": [Circular],
            "effectTag": 1,
            "expirationTime": 0,
            "firstEffect": null,
            "index": 0,
            "key": null,
            "lastEffect": null,
            "memoizedProps": Object {
              "Component": [Function],
              "context": null,
              "props": Object {
                "tooltipPosition": "right",
                "type": "text",
              },
            },
            "memoizedState": Object {
              "context": null,
              "mount": true,
              "props": Object {
                "tooltipPosition": "right",
                "type": "text",
              },
            },
            "mode": 0,
            "nextEffect": null,
            "pendingProps": Object {
              "Component": [Function],
              "context": null,
              "props": Object {
                "tooltipPosition": "right",
                "type": "text",
              },
            },
            "ref": null,
            "return": FiberNode {
              "_debugID": 1,
              "_debugIsCurrentlyTiming": false,
              "_debugOwner": null,
              "_debugSource": null,
              "alternate": FiberNode {
                "_debugID": 1,
                "_debugIsCurrentlyTiming": false,
                "_debugOwner": null,
                "_debugSource": null,
                "alternate": [Circular],
                "child": null,
                "effectTag": 0,
                "expirationTime": 1,
                "firstEffect": null,
                "index": 0,
                "key": null,
                "lastEffect": null,
                "memoizedProps": null,
                "memoizedState": null,
                "mode": 0,
                "nextEffect": null,
                "pendingProps": null,
                "ref": null,
                "return": null,
                "sibling": null,
                "stateNode": Object {
                  "containerInfo": <div>
                    <div
                      class="textareaWrapper"
                    >
                      <textarea
                        class="textarea textareaWidth"
                        type="text"
                      />
                    </div>
                  </div>,
                  "context": Object {},
                  "current": [Circular],
                  "finishedWork": null,
                  "firstBatch": null,
                  "hydrate": false,
                  "nextScheduledRoot": null,
                  "pendingChildren": null,
                  "pendingCommitExpirationTime": 0,
                  "pendingContext": null,
                  "remainingExpirationTime": 0,
                },
                "tag": 3,
                "type": null,
                "updateQueue": Object {
                  "baseState": null,
                  "callbackList": null,
                  "capturedValues": null,
                  "expirationTime": 1,
                  "first": Object {
                    "callback": null,
                    "capturedValue": null,
                    "expirationTime": 1,
                    "isForced": false,
                    "isReplace": false,
                    "next": null,
                    "partialState": Object {
                      "element": <WrapperComponent
                        Component={[Function]}
                        context={null}
                        props={
                          Object {
                            "tooltipPosition": "right",
                            "type": "text",
                          }
                        }
                      />,
                    },
                  },
                  "hasForceUpdate": false,
                  "isInitialized": false,
                  "isProcessing": false,
                  "last": Object {
                    "callback": null,
                    "capturedValue": null,
                    "expirationTime": 1,
                    "isForced": false,
                    "isReplace": false,
                    "next": null,
                    "partialState": Object {
                      "element": <WrapperComponent
                        Component={[Function]}
                        context={null}
                        props={
                          Object {
                            "tooltipPosition": "right",
                            "type": "text",
                          }
                        }
                      />,
                    },
                  },
                },
              },
              "child": [Circular],
              "effectTag": 32,
              "expirationTime": 0,
              "firstEffect": [Circular],
              "index": 0,
              "key": null,
              "lastEffect": [Circular],
              "memoizedProps": null,
              "memoizedState": Object {
                "element": <WrapperComponent
                  Component={[Function]}
                  context={null}
                  props={
                    Object {
                      "tooltipPosition": "right",
                      "type": "text",
                    }
                  }
                />,
              },
              "mode": 0,
              "nextEffect": null,
              "pendingProps": null,
              "ref": null,
              "return": null,
              "sibling": null,
              "stateNode": Object {
                "containerInfo": <div>
                  <div
                    class="textareaWrapper"
                  >
                    <textarea
                      class="textarea textareaWidth"
                      type="text"
                    />
                  </div>
                </div>,
                "context": Object {},
                "current": [Circular],
                "finishedWork": null,
                "firstBatch": null,
                "hydrate": false,
                "nextScheduledRoot": null,
                "pendingChildren": null,
                "pendingCommitExpirationTime": 0,
                "pendingContext": null,
                "remainingExpirationTime": 0,
              },
              "tag": 3,
              "type": null,
              "updateQueue": Object {
                "baseState": Object {
                  "element": <WrapperComponent
                    Component={[Function]}
                    context={null}
                    props={
                      Object {
                        "tooltipPosition": "right",
                        "type": "text",
                      }
                    }
                  />,
                },
                "callbackList": null,
                "capturedValues": null,
                "expirationTime": 0,
                "first": null,
                "hasForceUpdate": false,
                "isInitialized": true,
                "isProcessing": false,
                "last": null,
              },
            },
            "sibling": null,
            "stateNode": WrapperComponent {
              "_reactInternalFiber": [Circular],
              "_reactInternalInstance": Object {},
              "context": Object {},
              "props": Object {
                "Component": [Function],
                "context": null,
                "props": Object {
                  "tooltipPosition": "right",
                  "type": "text",
                },
              },
              "refs": Object {},
              "state": Object {
                "context": null,
                "mount": true,
                "props": Object {
                  "tooltipPosition": "right",
                  "type": "text",
                },
              },
              "updater": Object {
                "enqueueForceUpdate": [Function],
                "enqueueReplaceState": [Function],
                "enqueueSetState": [Function],
                "isMounted": [Function],
              },
            },
            "tag": 2,
            "type": [Function],
            "updateQueue": null,
          },
          "sibling": null,
          "stateNode": [Circular],
          "tag": 2,
          "type": [Function],
          "updateQueue": null,
        },
        "_reactInternalInstance": Object {},
        "_validate": [Function],
        "context": Object {},
        "props": Object {
          "tooltipPosition": "right",
          "type": "text",
        },
        "refs": Object {},
        "state": Object {
          "active": false,
          "message": null,
          "status": null,
          "value": undefined,
        },
        "updater": Object {
          "enqueueForceUpdate": [Function],
          "enqueueReplaceState": [Function],
          "enqueueSetState": [Function],
          "isMounted": [Function],
        },
      },
      "key": undefined,
      "nodeType": "class",
      "props": Object {
        "tooltipPosition": "right",
        "type": "text",
      },
      "ref": null,
      "rendered": Object {
        "instance": <div
          class="textareaWrapper"
        >
          <textarea
            class="textarea textareaWidth"
            type="text"
          />
        </div>,
        "key": undefined,
        "nodeType": "host",
        "props": Object {
          "children": Array [
            <textarea
              className="textarea textareaWidth"
              disabled={undefined}
              id={undefined}
              onBlur={[Function]}
              onChange={[Function]}
              onFocus={[Function]}
              required={undefined}
              style={undefined}
              type="text"
              value={undefined}
            />,
          ],
          "className": "textareaWrapper",
        },
        "ref": null,
        "rendered": Array [
          Object {
            "instance": <textarea
              class="textarea textareaWidth"
              type="text"
            />,
            "key": ".1",
            "nodeType": "host",
            "props": Object {
              "className": "textarea textareaWidth",
              "disabled": undefined,
              "id": undefined,
              "onBlur": [Function],
              "onChange": [Function],
              "onFocus": [Function],
              "required": undefined,
              "style": undefined,
              "type": "text",
              "value": undefined,
            },
            "ref": null,
            "rendered": Array [
              undefined,
            ],
            "type": "textarea",
          },
        ],
        "type": "div",
      },
      "type": [Function],
    },
  ],
  Symbol(enzyme.__options__): Object {
    "adapter": ReactSixteenAdapter {
      "options": Object {
        "enableComponentDidUpdateOnSetState": true,
      },
    },
  },
}
`;
