// Jest Snapshot v1, https://goo.gl/fbAQLP

exports[`Test Hint component render Render correctly 1`] = `
<form
  action="/"
  autocomplete="off"
  hideErrors={false}
  noValidate={true}
  onSubmit={[Function]}
  validate={true}
>
  <div
    style={
      Object {
        "display": "inline-block",
        "paddingRight": "10px",
        "width": "250px",
      }
    }
  >
    <div
      className="setWidth textfieldWrapper"
    >
      <div
        className="tooltipRight labelContainer"
      >
        <div
          className="verticalPadding horizontalPadding"
        >
          <label
            className="labelSpacing label label"
            htmlFor={undefined}
            id={undefined}
            style={undefined}
          >
            First Name: 
          </label>
          <span
            className="required"
          >
             
            <span
              className="defaultFont"
              htmlFor={undefined}
              id={undefined}
              style={undefined}
            >
              *
            </span>
          </span>
        </div>
      </div>
      <input
        className="textfield"
        disabled={undefined}
        id={undefined}
        name="firstName"
        onBlur={[Function]}
        onChange={[Function]}
        onClick={[Function]}
        onFocus={[Function]}
        onKeyDown={[Function]}
        onKeyPress={[Function]}
        onPaste={[Function]}
        required={true}
        style={
          Object {
            "width": "200px",
          }
        }
        type="text"
        value=""
      />
    </div>
    <div
      className="setWidth textfieldWrapper"
    >
      <div
        className="tooltipRight labelContainer"
      >
        <div
          className="verticalPadding horizontalPadding"
        >
          <label
            className="labelSpacing label label"
            htmlFor={undefined}
            id={undefined}
            style={undefined}
          >
            Phone Number: 
          </label>
        </div>
      </div>
      <input
        className="textfield"
        disabled={undefined}
        id={undefined}
        mask="(111) 111-1111"
        name="phoneNumber"
        onBlur={[Function]}
        onChange={[Function]}
        onClick={[Function]}
        onFocus={[Function]}
        onKeyDown={[Function]}
        onKeyPress={[Function]}
        onPaste={[Function]}
        placeholder="(___) ___-____"
        required={undefined}
        style={
          Object {
            "width": "200px",
          }
        }
        type="text"
        value=""
      />
    </div>
    <div
      className="setWidth textfieldWrapper"
    >
      <div
        className="tooltipRight labelContainer"
      >
        <div
          className="verticalPadding horizontalPadding"
        >
          <label
            className="labelSpacing label label"
            htmlFor={undefined}
            id={undefined}
            style={undefined}
          >
            Address Line 1: 
          </label>
          <span
            className="required"
          >
             
            <span
              className="defaultFont"
              htmlFor={undefined}
              id={undefined}
              style={undefined}
            >
              *
            </span>
          </span>
        </div>
      </div>
      <input
        className="textfield"
        disabled={undefined}
        id={undefined}
        name="address1"
        onBlur={[Function]}
        onChange={[Function]}
        onClick={[Function]}
        onFocus={[Function]}
        onKeyDown={[Function]}
        onKeyPress={[Function]}
        onPaste={[Function]}
        required={true}
        style={
          Object {
            "width": "200px",
          }
        }
        type="text"
        value=""
      />
    </div>
    <div
      className="setWidth textfieldWrapper"
    >
      <div
        className="tooltipRight labelContainer"
      >
        <div
          className="verticalPadding horizontalPadding"
        >
          <label
            className="labelSpacing label label"
            htmlFor={undefined}
            id={undefined}
            style={undefined}
          >
            Address Line 2: 
          </label>
        </div>
      </div>
      <input
        className="textfield disabled"
        disabled={true}
        id={undefined}
        name="address2"
        onBlur={[Function]}
        onChange={[Function]}
        onClick={[Function]}
        onFocus={[Function]}
        onKeyDown={[Function]}
        onKeyPress={[Function]}
        onPaste={[Function]}
        required={undefined}
        style={
          Object {
            "width": "200px",
          }
        }
        type="text"
        value=""
      />
    </div>
    <span
      className="hintLabel"
    >
      Disabled inputs will not be included in the submitObject
    </span>
    <div
      className="setWidth textfieldWrapper"
    >
      <div
        className="tooltipRight labelContainer"
      >
        <div
          className="verticalPadding horizontalPadding"
        >
          <label
            className="labelSpacing label label"
            htmlFor={undefined}
            id={undefined}
            style={undefined}
          >
            Zip Code: 
          </label>
          <span
            className="required"
          >
             
            <span
              className="defaultFont"
              htmlFor={undefined}
              id={undefined}
              style={undefined}
            >
              *
            </span>
          </span>
        </div>
      </div>
      <input
        className="textfield"
        disabled={undefined}
        id={undefined}
        name="zipCode"
        onBlur={[Function]}
        onChange={[Function]}
        onClick={[Function]}
        onFocus={[Function]}
        onKeyDown={[Function]}
        onKeyPress={[Function]}
        onPaste={[Function]}
        required={true}
        style={
          Object {
            "width": "200px",
          }
        }
        type="text"
        value=""
      />
    </div>
    <div
      className="tooltipRight labelContainer"
    >
      <div
        className="verticalPadding horizontalPadding"
      >
        <label
          className="labelSpacing label label"
          htmlFor="htmlInput"
          id={undefined}
          style={undefined}
        >
          HTML Input
        </label>
      </div>
    </div>
    <input
      id="htmlInput"
      name="htmlInput"
      type="text"
    />
  </div>
  <div
    style={
      Object {
        "display": "inline-block",
        "paddingRight": "10px",
        "verticalAlign": "top",
        "width": "250px",
      }
    }
  >
    <div
      className="setWidth textfieldWrapper"
    >
      <div
        className="tooltipRight labelContainer"
      >
        <div
          className="verticalPadding horizontalPadding"
        >
          <label
            className="labelSpacing label label"
            htmlFor={undefined}
            id={undefined}
            style={undefined}
          >
            Last Name: 
          </label>
          <span
            className="required"
          >
             
            <span
              className="defaultFont"
              htmlFor={undefined}
              id={undefined}
              style={undefined}
            >
              *
            </span>
          </span>
        </div>
      </div>
      <input
        className="textfield"
        disabled={undefined}
        id={undefined}
        name="lastName"
        onBlur={[Function]}
        onChange={[Function]}
        onClick={[Function]}
        onFocus={[Function]}
        onKeyDown={[Function]}
        onKeyPress={[Function]}
        onPaste={[Function]}
        required={true}
        style={
          Object {
            "width": "200px",
          }
        }
        type="text"
        value=""
      />
    </div>
    <div
      className="setWidth textfieldWrapper"
    >
      <div
        className="tooltipRight labelContainer"
      >
        <div
          className="verticalPadding horizontalPadding"
        >
          <label
            className="labelSpacing label label"
            htmlFor={undefined}
            id={undefined}
            style={undefined}
          >
            City: 
          </label>
          <span
            className="required"
          >
             
            <span
              className="defaultFont"
              htmlFor={undefined}
              id={undefined}
              style={undefined}
            >
              *
            </span>
          </span>
        </div>
      </div>
      <input
        className="textfield"
        disabled={undefined}
        id={undefined}
        name="city"
        onBlur={[Function]}
        onChange={[Function]}
        onClick={[Function]}
        onFocus={[Function]}
        onKeyDown={[Function]}
        onKeyPress={[Function]}
        onPaste={[Function]}
        required={true}
        style={
          Object {
            "width": "200px",
          }
        }
        type="text"
        value=""
      />
    </div>
    <div>
      <div
        className="tooltipRight labelContainer"
      >
        <div
          className="verticalPadding horizontalPadding"
        >
          <label
            className="labelSpacing label label"
            htmlFor="state"
            id={undefined}
            style={undefined}
          >
            State
          </label>
          <span
            className="required"
          >
             
            <span
              className="defaultFont"
              htmlFor={undefined}
              id={undefined}
              style={undefined}
            >
              *
            </span>
          </span>
        </div>
      </div>
      <div
        className="dropdown setWidth"
      >
        <div
          className="setWidth textfieldWrapper"
        >
          <input
            autoComplete="new-password"
            className="textfield"
            disabled={undefined}
            id="state"
            message={null}
            name={null}
            onBlur={[Function]}
            onChange={[Function]}
            onClick={[Function]}
            onFocus={[Function]}
            onKeyDown={[Function]}
            onKeyPress={[Function]}
            onPaste={[Function]}
            readOnly={false}
            required={undefined}
            status={null}
            style={
              Object {
                "width": "200px",
              }
            }
            type="text"
            value=""
          />
        </div>
        <i
          className="arrow"
        />
        <div
          className="hidden options pointer"
          style={
            Object {
              "width": "200px",
            }
          }
        >
          <div
            className="optionWrapper"
            index={0}
            onMouseDown={[Function]}
            onMouseOver={[Function]}
          >
            <span
              className="option defaultFont"
              htmlFor={undefined}
              id={undefined}
              style={undefined}
              title="Alabama"
              value="AL"
            >
              Alabama
            </span>
          </div>
          <div
            className="optionWrapper"
            index={1}
            onMouseDown={[Function]}
            onMouseOver={[Function]}
          >
            <span
              className="option defaultFont"
              htmlFor={undefined}
              id={undefined}
              style={undefined}
              title="Alaska"
              value="AK"
            >
              Alaska
            </span>
          </div>
          <div
            className="optionWrapper"
            index={2}
            onMouseDown={[Function]}
            onMouseOver={[Function]}
          >
            <span
              className="option defaultFont"
              htmlFor={undefined}
              id={undefined}
              style={undefined}
              title="American Samoa"
              value="AS"
            >
              American Samoa
            </span>
          </div>
          <div
            className="optionWrapper"
            index={3}
            onMouseDown={[Function]}
            onMouseOver={[Function]}
          >
            <span
              className="option defaultFont"
              htmlFor={undefined}
              id={undefined}
              style={undefined}
              title="Arizona"
              value="AZ"
            >
              Arizona
            </span>
          </div>
          <div
            className="optionWrapper"
            index={4}
            onMouseDown={[Function]}
            onMouseOver={[Function]}
          >
            <span
              className="option defaultFont"
              htmlFor={undefined}
              id={undefined}
              style={undefined}
              title="Arkansas"
              value="AR"
            >
              Arkansas
            </span>
          </div>
          <div
            className="optionWrapper"
            index={5}
            onMouseDown={[Function]}
            onMouseOver={[Function]}
          >
            <span
              className="option defaultFont"
              htmlFor={undefined}
              id={undefined}
              style={undefined}
              title="California"
              value="CA"
            >
              California
            </span>
          </div>
          <div
            className="optionWrapper"
            index={6}
            onMouseDown={[Function]}
            onMouseOver={[Function]}
          >
            <span
              className="option defaultFont"
              htmlFor={undefined}
              id={undefined}
              style={undefined}
              title="Colorado"
              value="CO"
            >
              Colorado
            </span>
          </div>
          <div
            className="optionWrapper"
            index={7}
            onMouseDown={[Function]}
            onMouseOver={[Function]}
          >
            <span
              className="option defaultFont"
              htmlFor={undefined}
              id={undefined}
              style={undefined}
              title="Connecticut"
              value="CT"
            >
              Connecticut
            </span>
          </div>
          <div
            className="optionWrapper"
            index={8}
            onMouseDown={[Function]}
            onMouseOver={[Function]}
          >
            <span
              className="option defaultFont"
              htmlFor={undefined}
              id={undefined}
              style={undefined}
              title="Delaware"
              value="DE"
            >
              Delaware
            </span>
          </div>
          <div
            className="optionWrapper"
            index={9}
            onMouseDown={[Function]}
            onMouseOver={[Function]}
          >
            <span
              className="option defaultFont"
              htmlFor={undefined}
              id={undefined}
              style={undefined}
              title="District Of Columbia"
              value="DC"
            >
              District Of Columbia
            </span>
          </div>
          <div
            className="optionWrapper"
            index={10}
            onMouseDown={[Function]}
            onMouseOver={[Function]}
          >
            <span
              className="option defaultFont"
              htmlFor={undefined}
              id={undefined}
              style={undefined}
              title="Federated States Of Micronesia"
              value="FM"
            >
              Federated States Of Micronesia
            </span>
          </div>
          <div
            className="optionWrapper"
            index={11}
            onMouseDown={[Function]}
            onMouseOver={[Function]}
          >
            <span
              className="option defaultFont"
              htmlFor={undefined}
              id={undefined}
              style={undefined}
              title="Florida"
              value="FL"
            >
              Florida
            </span>
          </div>
          <div
            className="optionWrapper"
            index={12}
            onMouseDown={[Function]}
            onMouseOver={[Function]}
          >
            <span
              className="option defaultFont"
              htmlFor={undefined}
              id={undefined}
              style={undefined}
              title="Georgia"
              value="GA"
            >
              Georgia
            </span>
          </div>
          <div
            className="optionWrapper"
            index={13}
            onMouseDown={[Function]}
            onMouseOver={[Function]}
          >
            <span
              className="option defaultFont"
              htmlFor={undefined}
              id={undefined}
              style={undefined}
              title="Guam"
              value="GU"
            >
              Guam
            </span>
          </div>
          <div
            className="optionWrapper"
            index={14}
            onMouseDown={[Function]}
            onMouseOver={[Function]}
          >
            <span
              className="option defaultFont"
              htmlFor={undefined}
              id={undefined}
              style={undefined}
              title="Hawaii"
              value="HI"
            >
              Hawaii
            </span>
          </div>
          <div
            className="optionWrapper"
            index={15}
            onMouseDown={[Function]}
            onMouseOver={[Function]}
          >
            <span
              className="option defaultFont"
              htmlFor={undefined}
              id={undefined}
              style={undefined}
              title="Idaho"
              value="ID"
            >
              Idaho
            </span>
          </div>
          <div
            className="optionWrapper"
            index={16}
            onMouseDown={[Function]}
            onMouseOver={[Function]}
          >
            <span
              className="option defaultFont"
              htmlFor={undefined}
              id={undefined}
              style={undefined}
              title="Illinois"
              value="IL"
            >
              Illinois
            </span>
          </div>
          <div
            className="optionWrapper"
            index={17}
            onMouseDown={[Function]}
            onMouseOver={[Function]}
          >
            <span
              className="option defaultFont"
              htmlFor={undefined}
              id={undefined}
              style={undefined}
              title="Indiana"
              value="IN"
            >
              Indiana
            </span>
          </div>
          <div
            className="optionWrapper"
            index={18}
            onMouseDown={[Function]}
            onMouseOver={[Function]}
          >
            <span
              className="option defaultFont"
              htmlFor={undefined}
              id={undefined}
              style={undefined}
              title="Iowa"
              value="IA"
            >
              Iowa
            </span>
          </div>
          <div
            className="optionWrapper"
            index={19}
            onMouseDown={[Function]}
            onMouseOver={[Function]}
          >
            <span
              className="option defaultFont"
              htmlFor={undefined}
              id={undefined}
              style={undefined}
              title="Kansas"
              value="KS"
            >
              Kansas
            </span>
          </div>
          <div
            className="optionWrapper"
            index={20}
            onMouseDown={[Function]}
            onMouseOver={[Function]}
          >
            <span
              className="option defaultFont"
              htmlFor={undefined}
              id={undefined}
              style={undefined}
              title="Kentucky"
              value="KY"
            >
              Kentucky
            </span>
          </div>
          <div
            className="optionWrapper"
            index={21}
            onMouseDown={[Function]}
            onMouseOver={[Function]}
          >
            <span
              className="option defaultFont"
              htmlFor={undefined}
              id={undefined}
              style={undefined}
              title="Louisiana"
              value="LA"
            >
              Louisiana
            </span>
          </div>
          <div
            className="optionWrapper"
            index={22}
            onMouseDown={[Function]}
            onMouseOver={[Function]}
          >
            <span
              className="option defaultFont"
              htmlFor={undefined}
              id={undefined}
              style={undefined}
              title="Maine"
              value="ME"
            >
              Maine
            </span>
          </div>
          <div
            className="optionWrapper"
            index={23}
            onMouseDown={[Function]}
            onMouseOver={[Function]}
          >
            <span
              className="option defaultFont"
              htmlFor={undefined}
              id={undefined}
              style={undefined}
              title="Marshall Islands"
              value="MH"
            >
              Marshall Islands
            </span>
          </div>
          <div
            className="optionWrapper"
            index={24}
            onMouseDown={[Function]}
            onMouseOver={[Function]}
          >
            <span
              className="option defaultFont"
              htmlFor={undefined}
              id={undefined}
              style={undefined}
              title="Maryland"
              value="MD"
            >
              Maryland
            </span>
          </div>
          <div
            className="optionWrapper"
            index={25}
            onMouseDown={[Function]}
            onMouseOver={[Function]}
          >
            <span
              className="option defaultFont"
              htmlFor={undefined}
              id={undefined}
              style={undefined}
              title="Massachusetts"
              value="MA"
            >
              Massachusetts
            </span>
          </div>
          <div
            className="optionWrapper"
            index={26}
            onMouseDown={[Function]}
            onMouseOver={[Function]}
          >
            <span
              className="option defaultFont"
              htmlFor={undefined}
              id={undefined}
              style={undefined}
              title="Michigan"
              value="MI"
            >
              Michigan
            </span>
          </div>
          <div
            className="optionWrapper"
            index={27}
            onMouseDown={[Function]}
            onMouseOver={[Function]}
          >
            <span
              className="option defaultFont"
              htmlFor={undefined}
              id={undefined}
              style={undefined}
              title="Minnesota"
              value="MN"
            >
              Minnesota
            </span>
          </div>
          <div
            className="optionWrapper"
            index={28}
            onMouseDown={[Function]}
            onMouseOver={[Function]}
          >
            <span
              className="option defaultFont"
              htmlFor={undefined}
              id={undefined}
              style={undefined}
              title="Mississippi"
              value="MS"
            >
              Mississippi
            </span>
          </div>
          <div
            className="optionWrapper"
            index={29}
            onMouseDown={[Function]}
            onMouseOver={[Function]}
          >
            <span
              className="option defaultFont"
              htmlFor={undefined}
              id={undefined}
              style={undefined}
              title="Missouri"
              value="MO"
            >
              Missouri
            </span>
          </div>
          <div
            className="optionWrapper"
            index={30}
            onMouseDown={[Function]}
            onMouseOver={[Function]}
          >
            <span
              className="option defaultFont"
              htmlFor={undefined}
              id={undefined}
              style={undefined}
              title="Montana"
              value="MT"
            >
              Montana
            </span>
          </div>
          <div
            className="optionWrapper"
            index={31}
            onMouseDown={[Function]}
            onMouseOver={[Function]}
          >
            <span
              className="option defaultFont"
              htmlFor={undefined}
              id={undefined}
              style={undefined}
              title="Nebraska"
              value="NE"
            >
              Nebraska
            </span>
          </div>
          <div
            className="optionWrapper"
            index={32}
            onMouseDown={[Function]}
            onMouseOver={[Function]}
          >
            <span
              className="option defaultFont"
              htmlFor={undefined}
              id={undefined}
              style={undefined}
              title="Nevada"
              value="NV"
            >
              Nevada
            </span>
          </div>
          <div
            className="optionWrapper"
            index={33}
            onMouseDown={[Function]}
            onMouseOver={[Function]}
          >
            <span
              className="option defaultFont"
              htmlFor={undefined}
              id={undefined}
              style={undefined}
              title="New Hampshire"
              value="NH"
            >
              New Hampshire
            </span>
          </div>
          <div
            className="optionWrapper"
            index={34}
            onMouseDown={[Function]}
            onMouseOver={[Function]}
          >
            <span
              className="option defaultFont"
              htmlFor={undefined}
              id={undefined}
              style={undefined}
              title="New Jersey"
              value="NJ"
            >
              New Jersey
            </span>
          </div>
          <div
            className="optionWrapper"
            index={35}
            onMouseDown={[Function]}
            onMouseOver={[Function]}
          >
            <span
              className="option defaultFont"
              htmlFor={undefined}
              id={undefined}
              style={undefined}
              title="New Mexico"
              value="NM"
            >
              New Mexico
            </span>
          </div>
          <div
            className="optionWrapper"
            index={36}
            onMouseDown={[Function]}
            onMouseOver={[Function]}
          >
            <span
              className="option defaultFont"
              htmlFor={undefined}
              id={undefined}
              style={undefined}
              title="New York"
              value="NY"
            >
              New York
            </span>
          </div>
          <div
            className="optionWrapper"
            index={37}
            onMouseDown={[Function]}
            onMouseOver={[Function]}
          >
            <span
              className="option defaultFont"
              htmlFor={undefined}
              id={undefined}
              style={undefined}
              title="North Carolina"
              value="NC"
            >
              North Carolina
            </span>
          </div>
          <div
            className="optionWrapper"
            index={38}
            onMouseDown={[Function]}
            onMouseOver={[Function]}
          >
            <span
              className="option defaultFont"
              htmlFor={undefined}
              id={undefined}
              style={undefined}
              title="North Dakota"
              value="ND"
            >
              North Dakota
            </span>
          </div>
          <div
            className="optionWrapper"
            index={39}
            onMouseDown={[Function]}
            onMouseOver={[Function]}
          >
            <span
              className="option defaultFont"
              htmlFor={undefined}
              id={undefined}
              style={undefined}
              title="Northern Mariana Islands"
              value="MP"
            >
              Northern Mariana Islands
            </span>
          </div>
          <div
            className="optionWrapper"
            index={40}
            onMouseDown={[Function]}
            onMouseOver={[Function]}
          >
            <span
              className="option defaultFont"
              htmlFor={undefined}
              id={undefined}
              style={undefined}
              title="Ohio"
              value="OH"
            >
              Ohio
            </span>
          </div>
          <div
            className="optionWrapper"
            index={41}
            onMouseDown={[Function]}
            onMouseOver={[Function]}
          >
            <span
              className="option defaultFont"
              htmlFor={undefined}
              id={undefined}
              style={undefined}
              title="Oklahoma"
              value="OK"
            >
              Oklahoma
            </span>
          </div>
          <div
            className="optionWrapper"
            index={42}
            onMouseDown={[Function]}
            onMouseOver={[Function]}
          >
            <span
              className="option defaultFont"
              htmlFor={undefined}
              id={undefined}
              style={undefined}
              title="Oregon"
              value="OR"
            >
              Oregon
            </span>
          </div>
          <div
            className="optionWrapper"
            index={43}
            onMouseDown={[Function]}
            onMouseOver={[Function]}
          >
            <span
              className="option defaultFont"
              htmlFor={undefined}
              id={undefined}
              style={undefined}
              title="Palau"
              value="PW"
            >
              Palau
            </span>
          </div>
          <div
            className="optionWrapper"
            index={44}
            onMouseDown={[Function]}
            onMouseOver={[Function]}
          >
            <span
              className="option defaultFont"
              htmlFor={undefined}
              id={undefined}
              style={undefined}
              title="Pennsylvania"
              value="PA"
            >
              Pennsylvania
            </span>
          </div>
          <div
            className="optionWrapper"
            index={45}
            onMouseDown={[Function]}
            onMouseOver={[Function]}
          >
            <span
              className="option defaultFont"
              htmlFor={undefined}
              id={undefined}
              style={undefined}
              title="Puerto Rico"
              value="PR"
            >
              Puerto Rico
            </span>
          </div>
          <div
            className="optionWrapper"
            index={46}
            onMouseDown={[Function]}
            onMouseOver={[Function]}
          >
            <span
              className="option defaultFont"
              htmlFor={undefined}
              id={undefined}
              style={undefined}
              title="Rhode Island"
              value="RI"
            >
              Rhode Island
            </span>
          </div>
          <div
            className="optionWrapper"
            index={47}
            onMouseDown={[Function]}
            onMouseOver={[Function]}
          >
            <span
              className="option defaultFont"
              htmlFor={undefined}
              id={undefined}
              style={undefined}
              title="South Carolina"
              value="SC"
            >
              South Carolina
            </span>
          </div>
          <div
            className="optionWrapper"
            index={48}
            onMouseDown={[Function]}
            onMouseOver={[Function]}
          >
            <span
              className="option defaultFont"
              htmlFor={undefined}
              id={undefined}
              style={undefined}
              title="South Dakota"
              value="SD"
            >
              South Dakota
            </span>
          </div>
          <div
            className="optionWrapper"
            index={49}
            onMouseDown={[Function]}
            onMouseOver={[Function]}
          >
            <span
              className="option defaultFont"
              htmlFor={undefined}
              id={undefined}
              style={undefined}
              title="Tennessee"
              value="TN"
            >
              Tennessee
            </span>
          </div>
          <div
            className="optionWrapper"
            index={50}
            onMouseDown={[Function]}
            onMouseOver={[Function]}
          >
            <span
              className="option defaultFont"
              htmlFor={undefined}
              id={undefined}
              style={undefined}
              title="Texas"
              value="TX"
            >
              Texas
            </span>
          </div>
          <div
            className="optionWrapper"
            index={51}
            onMouseDown={[Function]}
            onMouseOver={[Function]}
          >
            <span
              className="option defaultFont"
              htmlFor={undefined}
              id={undefined}
              style={undefined}
              title="Utah"
              value="UT"
            >
              Utah
            </span>
          </div>
          <div
            className="optionWrapper"
            index={52}
            onMouseDown={[Function]}
            onMouseOver={[Function]}
          >
            <span
              className="option defaultFont"
              htmlFor={undefined}
              id={undefined}
              style={undefined}
              title="Vermont"
              value="VT"
            >
              Vermont
            </span>
          </div>
          <div
            className="optionWrapper"
            index={53}
            onMouseDown={[Function]}
            onMouseOver={[Function]}
          >
            <span
              className="option defaultFont"
              htmlFor={undefined}
              id={undefined}
              style={undefined}
              title="Virgin Islands"
              value="VI"
            >
              Virgin Islands
            </span>
          </div>
          <div
            className="optionWrapper"
            index={54}
            onMouseDown={[Function]}
            onMouseOver={[Function]}
          >
            <span
              className="option defaultFont"
              htmlFor={undefined}
              id={undefined}
              style={undefined}
              title="Virginia"
              value="VA"
            >
              Virginia
            </span>
          </div>
          <div
            className="optionWrapper"
            index={55}
            onMouseDown={[Function]}
            onMouseOver={[Function]}
          >
            <span
              className="option defaultFont"
              htmlFor={undefined}
              id={undefined}
              style={undefined}
              title="Washington"
              value="WA"
            >
              Washington
            </span>
          </div>
          <div
            className="optionWrapper"
            index={56}
            onMouseDown={[Function]}
            onMouseOver={[Function]}
          >
            <span
              className="option defaultFont"
              htmlFor={undefined}
              id={undefined}
              style={undefined}
              title="West Virginia"
              value="WV"
            >
              West Virginia
            </span>
          </div>
          <div
            className="optionWrapper"
            index={57}
            onMouseDown={[Function]}
            onMouseOver={[Function]}
          >
            <span
              className="option defaultFont"
              htmlFor={undefined}
              id={undefined}
              style={undefined}
              title="Wisconsin"
              value="WI"
            >
              Wisconsin
            </span>
          </div>
          <div
            className="optionWrapper"
            index={58}
            onMouseDown={[Function]}
            onMouseOver={[Function]}
          >
            <span
              className="option defaultFont"
              htmlFor={undefined}
              id={undefined}
              style={undefined}
              title="Wyoming"
              value="WY"
            >
              Wyoming
            </span>
          </div>
        </div>
      </div>
      <input
        disabled={undefined}
        name="state"
        type="hidden"
        value=""
      />
    </div>
    <br />
    <div
      className="switch leftLabelContent"
    >
      <div
        className="tooltipRight labelContainer"
      >
        <div
          className="horizontalPadding"
        >
          <label
            className="label label"
            htmlFor="gift"
            id={undefined}
            style={undefined}
          >
            Gift Purchase:
          </label>
        </div>
      </div>
      <div
        className="sliderMedium sliderEnabledOffColor"
        onClick={[Function]}
        style={undefined}
      >
        <input
          checked={false}
          className="inputMedium"
          disabled={false}
          hidden={false}
          id="gift"
          name="gift"
          type="checkbox"
          value="gift"
        />
        <div
          className="handleMedium handleEnabledColor"
          style={
            Object {
              "background": undefined,
            }
          }
        />
        <div
          className="onColorMedium"
          style={
            Object {
              "background": undefined,
            }
          }
        />
      </div>
    </div>
    <div
      className="textareaWrapper"
    >
      <div
        className="tooltipRight labelContainer"
      >
        <div
          className="verticalPadding horizontalPadding"
        >
          <label
            className="labelSpacing label label"
            htmlFor={undefined}
            id={undefined}
            style={undefined}
          >
            Comments:
          </label>
          <span
            className="required"
          >
             
            <span
              className="defaultFont"
              htmlFor={undefined}
              id={undefined}
              style={undefined}
            >
              *
            </span>
          </span>
        </div>
      </div>
      <textarea
        className="textarea textareaWidth"
        disabled={undefined}
        id={undefined}
        name="comment"
        onBlur={[Function]}
        onChange={[Function]}
        onFocus={[Function]}
        required={true}
        style={
          Object {
            "width": "200px",
          }
        }
        type="text"
        value=""
      />
    </div>
  </div>
  <div
    style={
      Object {
        "display": "inline-block",
        "verticalAlign": "top",
      }
    }
  >
    <div
      className="checkboxGroup"
      style={undefined}
    >
      <div>
        <div
          className="tooltipRight labelContainer"
        >
          <div
            className="verticalPadding horizontalPadding"
          >
            <label
              className="labelSpacing label label"
              htmlFor={undefined}
              id={undefined}
              style={undefined}
            >
              Shipping
            </label>
          </div>
        </div>
      </div>
      <div
        className="checkbox_padding"
        onClick={[Function]}
        style={undefined}
      >
        <div
          className="inline_block relative padding"
        >
          <label
            className="label"
            htmlFor={undefined}
            title="Standard"
          >
            Standard
          </label>
          <div
            className="float_left"
          >
            <input
              checked={false}
              className="opacity"
              disabled={false}
              hidden={undefined}
              id={undefined}
              label="Standard"
              name="deliveryMethod"
              onChange={[Function]}
              required={true}
              type="checkbox"
              value="standard"
            />
            <div
              className="not_checked"
            />
          </div>
          <span
            className="required"
          >
             
            <span
              className="defaultFont"
              htmlFor={undefined}
              id={undefined}
              style={undefined}
            >
              *
            </span>
          </span>
        </div>
      </div>
      <div
        className="checkbox_padding"
        onClick={[Function]}
        style={undefined}
      >
        <div
          className="inline_block relative padding"
        >
          <label
            className="label"
            htmlFor={undefined}
            title="2-Day"
          >
            2-Day
          </label>
          <div
            className="float_left"
          >
            <input
              checked={false}
              className="opacity"
              disabled={false}
              hidden={undefined}
              id={undefined}
              label="2-Day"
              name="deliveryMethod"
              onChange={[Function]}
              required={false}
              type="checkbox"
              value="2-Day"
            />
            <div
              className="not_checked"
            />
          </div>
        </div>
      </div>
      <div
        className="checkbox_padding"
        onClick={[Function]}
        style={undefined}
      >
        <div
          className="inline_block relative padding"
        >
          <label
            className="label"
            htmlFor={undefined}
            title="1-Day"
          >
            1-Day
          </label>
          <div
            className="float_left"
          >
            <input
              checked={false}
              className="opacity"
              disabled={false}
              hidden={undefined}
              id={undefined}
              label="1-Day"
              name="deliveryMethod"
              onChange={[Function]}
              required={false}
              type="checkbox"
              value="1-Day"
            />
            <div
              className="not_checked"
            />
          </div>
        </div>
      </div>
    </div>
    <div
      className="radioGroup"
      style={undefined}
    >
      <div
        className="tooltipRight labelContainer"
      >
        <div
          className="verticalPadding horizontalPadding"
        >
          <label
            className="labelSpacing label label"
            htmlFor={undefined}
            id={undefined}
            style={undefined}
          >
            Address Type
          </label>
        </div>
      </div>
      <div
        className="radio_padding"
        onClick={[Function]}
        style={undefined}
      >
        <div
          className="inline_block relative padding"
        >
          <label
            className="label"
            htmlFor={undefined}
            title="Home"
          >
            Home
          </label>
          <div
            className="float_left"
          >
            <input
              checked={true}
              className="input_style"
              disabled={false}
              hidden={false}
              id={undefined}
              index={0}
              name="homeBusiness"
              onChange={[Function]}
              type="radio"
              value="home"
            />
            <div
              className="radio checked"
            >
              <div
                className="checkmark"
              />
            </div>
          </div>
        </div>
      </div>
      <div
        className="radio_padding"
        onClick={[Function]}
        style={undefined}
      >
        <div
          className="inline_block relative padding"
        >
          <label
            className="label"
            htmlFor={undefined}
            title="Business"
          >
            Business
          </label>
          <div
            className="float_left"
          >
            <input
              checked={false}
              className="input_style"
              disabled={false}
              hidden={false}
              id={undefined}
              index={1}
              name="homeBusiness"
              onChange={[Function]}
              type="radio"
              value="business"
            />
            <div
              className="radio"
            />
          </div>
        </div>
      </div>
    </div>
    <div
      className="tooltipRight labelContainer"
    >
      <div
        className="verticalPadding horizontalPadding"
      >
        <label
          className="labelSpacing label label"
          htmlFor="carType"
          id={undefined}
          style={undefined}
        >
          Car Type
        </label>
      </div>
    </div>
    <select
      id="carType"
      name="carType"
    >
      <option
        value="volvo"
      >
        Volvo
      </option>
      <option
        value="saab"
      >
        Saab
      </option>
      <option
        value="mercedes"
      >
        Mercedes
      </option>
      <option
        value="audi"
      >
        Audi
      </option>
    </select>
  </div>
  <div
    style={
      Object {
        "padding": "10px 0",
      }
    }
  >
    <div
      className="setWidth textfieldWrapper"
    >
      <div
        className="tooltipRight labelContainer"
      >
        <div
          className="verticalPadding horizontalPadding"
        >
          <label
            className="labelSpacing label label"
            htmlFor={undefined}
            id={undefined}
            style={undefined}
          >
            Confirm you are not a robot: 
          </label>
        </div>
      </div>
      <input
        className="textfield"
        disabled={undefined}
        id={undefined}
        name="captcha"
        onBlur={[Function]}
        onChange={[Function]}
        onClick={[Function]}
        onFocus={[Function]}
        onKeyDown={[Function]}
        onKeyPress={[Function]}
        onPaste={[Function]}
        required={undefined}
        style={
          Object {
            "width": "200px",
          }
        }
        type="text"
        value=""
      />
    </div>
    <br />
    <span
      className="hintLabel"
    >
      Enter the words: shark banana
    </span>
    <br />
    <div
      className="checkbox_padding"
      onClick={[Function]}
      style={undefined}
    >
      <div
        className="inline_block relative padding"
      >
        <label
          className="label"
          htmlFor={undefined}
          title="I have read and agree to the terms and conditions."
        >
          I have read and agree to the terms and conditions.
        </label>
        <div
          className="float_left"
        >
          <input
            checked={false}
            className="opacity"
            disabled={false}
            hidden={undefined}
            id={undefined}
            label="I have read and agree to the terms and conditions."
            name="tsandcs"
            onChange={[Function]}
            required={true}
            type="checkbox"
            value="tsandcs"
          />
          <div
            className="not_checked"
          />
        </div>
        <span
          className="required"
        >
           
          <span
            className="defaultFont"
            htmlFor={undefined}
            id={undefined}
            style={undefined}
          >
            *
          </span>
        </span>
      </div>
    </div>
    <br />
    <button
      className="button uppercase primary primary_hover"
      href={undefined}
      id={undefined}
      name={undefined}
      onClick={undefined}
      style={undefined}
      tabIndex={0}
      type="submit"
    >
      Submit
    </button>
  </div>
</form>
`;
