// Jest Snapshot v1, https://goo.gl/fbAQLP

exports[`Test checkbox component renders correctly 1`] = `
<div
  className=""
  onClick={[Function]}
  style={undefined}
  styleName="checkbox_padding"
>
  <div
    styleName="inline_block relative padding"
  >
    <label
      htmlFor={undefined}
      styleName="label"
      title="labelText"
    >
      labelText
    </label>
    <div
      styleName="float_left"
    >
      <input
        checked={false}
        disabled={false}
        hidden={undefined}
        id={undefined}
        label="labelText"
        required={false}
        styleName="opacity"
        type="checkbox"
      />
      <div
        styleName="not_checked"
      />
    </div>
  </div>
</div>
`;
