// Jest Snapshot v1, https://goo.gl/fbAQLP

exports[`Test Radio component render Render correctly 1`] = `
<div
  className="inline_block radio_padding"
  onClick={[Function]}
  style={undefined}
>
  <div
    className="inline_block relative padding"
  >
    <label
      className="class label"
      htmlFor={undefined}
      title="TITLE"
    >
      Checked Radio
    </label>
    <div
      className="float_left"
    >
      <input
        checked={undefined}
        className="input_style"
        defaultChecked={true}
        disabled={false}
        hidden={false}
        id={undefined}
        name="Mr radio"
        onChange={[Function]}
        type="radio"
        value="checkedRadio"
      />
      <div
        className="radio"
      />
    </div>
  </div>
</div>
`;
