// Jest Snapshot v1, https://goo.gl/fbAQLP

exports[`Test Radio component render Render correctly 1`] = `
<div
  onClick={[Function]}
  style={undefined}
  styleName="inline_block radio_padding"
>
  <div
    styleName="inline_block relative padding"
  >
    <label
      className="class"
      htmlFor={undefined}
      styleName="label"
      title="TITLE"
    >
      Checked Radio
    </label>
    <div
      styleName="float_left"
    >
      <input
        checked={undefined}
        defaultChecked={true}
        disabled={false}
        hidden={false}
        id={undefined}
        name="Mr radio"
        styleName="input_style"
        type="radio"
        value="checkedRadio"
      />
      <div
        styleName="radio"
      />
    </div>
  </div>
</div>
`;
