// Jest Snapshot v1, https://goo.gl/fbAQLP

exports[`Test dropdown component Test render correctly 1`] = `
<div
  className="container"
  name={undefined}
  onBlur={[Function]}
  onFocus={[Function]}
  onKeyDown={[Function]}
  style={undefined}
>
  <div
    className="content"
    style={undefined}
  >
    <div
      className="fullWidth"
      style={undefined}
    >
      <button
        className="buttonClass dropdown-button button uppercase default_btn default_btn_hover"
        href={undefined}
        id={undefined}
        name={undefined}
        onClick={[Function]}
        style={undefined}
        tabIndex={0}
        type="button"
      >
        <span>
          May
        </span>
        <i
          className="arrow"
        />
      </button>
    </div>
    <input
      type="hidden"
      value={null}
    />
  </div>
</div>
`;
